{"synthetic": false,
 "schemaVersion": "2025-09-10",
 "outputs": "79c2f6f38a5fc113.so",
 "log":
 [{"message":
   ".> /home/daniel/.elan/toolchains/leanprover--lean4---v4.33.0/bin/clang -shared -o /home/daniel/Documents/Programming/vampire-redux/lean/replay/.lake/build/lib/libvampireReplay_VampireReplay.so @/home/daniel/Documents/Programming/vampire-redux/lean/replay/.lake/build/lib/libvampireReplay_VampireReplay.so.rsp",
   "level": "trace"}],
 "inputs":
 [["linkObjs",
   [["/home/daniel/Documents/Programming/vampire-redux/lean/replay/.lake/build/ir/VampireReplay/InferenceRule.c.o.export",
     "8f7a8c75612a40da"],
    ["/home/daniel/Documents/Programming/vampire-redux/lean/replay/.lake/build/ir/VampireReplay/Wire.c.o.export",
     "3a23d70ef74f09a3"],
    ["/home/daniel/Documents/Programming/vampire-redux/lean/replay/.lake/build/ir/VampireReplay/Translate.c.o.export",
     "fcd3c856c013a119"],
    ["/home/daniel/Documents/Programming/vampire-redux/lean/replay/.lake/build/ir/VampireReplay/Reconstruct/Monad.c.o.export",
     "481eafa3debf7e24"],
    ["/home/daniel/Documents/Programming/vampire-redux/lean/replay/.lake/build/ir/VampireReplay/Reconstruct/Stated.c.o.export",
     "b587828530ebd009"],
    ["/home/daniel/Documents/Programming/vampire-redux/lean/replay/.lake/build/ir/VampireReplay/Reconstruct/Choice.c.o.export",
     "f34cb3b101d987f0"],
    ["/home/daniel/Documents/Programming/vampire-redux/lean/replay/.lake/build/ir/VampireReplay/Reconstruct/Junction.c.o.export",
     "9e1de876156b5a5e"],
    ["/home/daniel/Documents/Programming/vampire-redux/lean/replay/.lake/build/ir/VampireReplay/Reconstruct/Literal.c.o.export",
     "2ceeaf2368270c38"],
    ["/home/daniel/Documents/Programming/vampire-redux/lean/replay/.lake/build/ir/VampireReplay/Reconstruct/Equiv.c.o.export",
     "9b9056b3eb811429"],
    ["/home/daniel/Documents/Programming/vampire-redux/lean/replay/.lake/build/ir/VampireReplay/Reconstruct/Carry.c.o.export",
     "aa2e2ea1b9250631"],
    ["/home/daniel/Documents/Programming/vampire-redux/lean/replay/.lake/build/ir/VampireReplay/Reconstruct/Step.c.o.export",
     "7c21046f583b0998"],
    ["/home/daniel/Documents/Programming/vampire-redux/lean/replay/.lake/build/ir/VampireReplay/Reconstruct/Basic.c.o.export",
     "62c84a5dd5ad9a01"],
    ["/home/daniel/Documents/Programming/vampire-redux/lean/replay/.lake/build/ir/VampireReplay/Reconstruct/Rules/Arithmetic.c.o.export",
     "afd9245d6c65c0fd"],
    ["/home/daniel/Documents/Programming/vampire-redux/lean/replay/.lake/build/ir/VampireReplay/Reconstruct/Rules/Avatar.c.o.export",
     "5eeb8ca21ebeaa4a"],
    ["/home/daniel/Documents/Programming/vampire-redux/lean/replay/.lake/build/ir/VampireReplay/Reconstruct/Rules/Clause.c.o.export",
     "399831f9d8b1ef60"],
    ["/home/daniel/Documents/Programming/vampire-redux/lean/replay/.lake/build/ir/VampireReplay/Reconstruct/Rules/Closure.c.o.export",
     "869fe5b7daf259e0"],
    ["/home/daniel/Documents/Programming/vampire-redux/lean/replay/.lake/build/ir/VampireReplay/Reconstruct/Rules/Congruence.c.o.export",
     "ad2f13b2642e5d26"],
    ["/home/daniel/Documents/Programming/vampire-redux/lean/replay/.lake/build/ir/VampireReplay/Reconstruct/Rules/Clausify.c.o.export",
     "cd91dcc9d0ef6179"],
    ["/home/daniel/Documents/Programming/vampire-redux/lean/replay/.lake/build/ir/VampireReplay/Reconstruct/Rules/Definition.c.o.export",
     "ca2b387d2504bacb"],
    ["/home/daniel/Documents/Programming/vampire-redux/lean/replay/.lake/build/ir/VampireReplay/Reconstruct/Rules/Input.c.o.export",
     "3a9d74bfbdb128ad"],
    ["/home/daniel/Documents/Programming/vampire-redux/lean/replay/.lake/build/ir/VampireReplay/Reconstruct/Rules/Normalize.c.o.export",
     "d20f4c6d5bd782fc"],
    ["/home/daniel/Documents/Programming/vampire-redux/lean/replay/.lake/build/ir/VampireReplay/Reconstruct/Rules/Resolution.c.o.export",
     "86486b6860244568"],
    ["/home/daniel/Documents/Programming/vampire-redux/lean/replay/.lake/build/ir/VampireReplay/Reconstruct/Rules/Rewrite.c.o.export",
     "b1b4d0b4b46f6114"],
    ["/home/daniel/Documents/Programming/vampire-redux/lean/replay/.lake/build/ir/VampireReplay/Reconstruct/Rules/Simplify.c.o.export",
     "02b451ebc62a5b45"],
    ["/home/daniel/Documents/Programming/vampire-redux/lean/replay/.lake/build/ir/VampireReplay/Reconstruct/Rules/Skolem.c.o.export",
     "21ac62b2cf64bf3f"],
    ["/home/daniel/Documents/Programming/vampire-redux/lean/replay/.lake/build/ir/VampireReplay/Reconstruct/Rules/Splitting.c.o.export",
     "5433e50ef6a5509f"],
    ["/home/daniel/Documents/Programming/vampire-redux/lean/replay/.lake/build/ir/VampireReplay/Reconstruct/Rules/Subsumption.c.o.export",
     "f796a572a4f936d7"],
    ["/home/daniel/Documents/Programming/vampire-redux/lean/replay/.lake/build/ir/VampireReplay/Reconstruct/Rules.c.o.export",
     "c2beeb0f41ee7928"],
    ["/home/daniel/Documents/Programming/vampire-redux/lean/replay/.lake/build/ir/VampireReplay/Reconstruct.c.o.export",
     "2dd039f3fcc6c618"]]],
  ["linkLibs", "00000000000006bb"],
  ["traceArgs: #[]", "00000000000006bb"],
  ["Lean 4.33.0, commit d8b18978322de05a8f3dba51ef03cf5461676c17",
   "3eca9d16ab6c877d"],
  ["x86_64-unknown-linux-gnu", "53a0e8937c307c28"]],
 "depHash": "ce8676dbbadb9c6c"}