{"synthetic": false,
 "schemaVersion": "2025-09-10",
 "outputs":
 {"o": ["ac63842ef0ea9e2d.olean"],
  "m": false,
  "i": "2ab11dfca0d9c3ab.ilean",
  "c": "47e609e54cea71c7.c"},
 "log":
 [{"message":
   ".> LEAN_PATH=/home/daniel/Documents/Programming/vampire-redux/lean/.lake/packages/Cli/.lake/build/lib/lean:/home/daniel/Documents/Programming/vampire-redux/lean/.lake/packages/batteries/.lake/build/lib/lean:/home/daniel/Documents/Programming/vampire-redux/lean/.lake/packages/Qq/.lake/build/lib/lean:/home/daniel/Documents/Programming/vampire-redux/lean/.lake/packages/aesop/.lake/build/lib/lean:/home/daniel/Documents/Programming/vampire-redux/lean/.lake/packages/proofwidgets/.lake/build/lib/lean:/home/daniel/Documents/Programming/vampire-redux/lean/.lake/packages/importGraph/.lake/build/lib/lean:/home/daniel/Documents/Programming/vampire-redux/lean/.lake/packages/LeanSearchClient/.lake/build/lib/lean:/home/daniel/Documents/Programming/vampire-redux/lean/.lake/packages/plausible/.lake/build/lib/lean:/home/daniel/Documents/Programming/vampire-redux/lean/.lake/packages/mathlib/.lake/build/lib/lean:/home/daniel/Documents/Programming/vampire-redux/lean/.lake/packages/auto/.lake/build/lib/lean:/home/daniel/Documents/Programming/vampire-redux/lean/replay/.lake/build/lib/lean:/home/daniel/Documents/Programming/vampire-redux/lean/.lake/build/lib/lean /home/daniel/.elan/toolchains/leanprover--lean4---v4.33.0/bin/lean /home/daniel/Documents/Programming/vampire-redux/lean/replay/VampireReplay/Reconstruct/Rules/Avatar.lean -o /home/daniel/Documents/Programming/vampire-redux/lean/replay/.lake/build/lib/lean/VampireReplay/Reconstruct/Rules/Avatar.olean -i /home/daniel/Documents/Programming/vampire-redux/lean/replay/.lake/build/lib/lean/VampireReplay/Reconstruct/Rules/Avatar.ilean -c /home/daniel/Documents/Programming/vampire-redux/lean/replay/.lake/build/ir/VampireReplay/Reconstruct/Rules/Avatar.c --setup /home/daniel/Documents/Programming/vampire-redux/lean/replay/.lake/build/ir/VampireReplay/Reconstruct/Rules/Avatar.setup.json --json",
   "level": "trace"},
  {"message":
   "VampireReplay/Reconstruct/Rules/Avatar.lean:64:8: Variable name `place` is not explicitly referenced.\n\nHint: The binding can be removed (if unused) or named `_` (if used implicitly). Alternatively, prefix the name with `_` to silence this warning:\n  [apply] _place\n\nNote: This linter can be disabled with `set_option linter.unusedVariables false`",
   "level": "warning"},
  {"message":
   "VampireReplay/Reconstruct/Rules/Avatar.lean:155:35: `Lean.levelZero` has been deprecated: Use `Lean.Level.zero` instead\n\nNote: The updated constant is in a different namespace. Dot notation may need to be changed (e.g., from `x.levelZero` to `Level.zero x`).",
   "level": "warning"}],
 "inputs":
 [["deps",
   [["vampireReplay/VampireReplay:extraDep",
     [["@vampireReplay:extraDep", "00000000000006bb"]]],
    ["imports",
     [["VampireReplay.Reconstruct.Basic transitive imports (legacy)",
       "80a21b18e2072acd"],
      ["VampireReplay.Reconstruct.Basic:importAllArts", "0d0436c29ee78f76"]]]]],
  ["libs",
   [["import dynlibs",
     [["/home/daniel/Documents/Programming/vampire-redux/lean/replay/.lake/build/lib/lean/vampireReplay_VampireReplay_Translate.so",
       "6ce0e148f94179b4"],
      ["/home/daniel/Documents/Programming/vampire-redux/lean/replay/.lake/build/lib/lean/vampireReplay_VampireReplay_InferenceRule.so",
       "bc1bac596bd73a67"],
      ["/home/daniel/Documents/Programming/vampire-redux/lean/replay/.lake/build/lib/lean/vampireReplay_VampireReplay_Wire.so",
       "f825f08665614adf"],
      ["/home/daniel/Documents/Programming/vampire-redux/lean/replay/.lake/build/lib/lean/vampireReplay_VampireReplay_Reconstruct_Monad.so",
       "9c30a72afa63f929"],
      ["/home/daniel/Documents/Programming/vampire-redux/lean/replay/.lake/build/lib/lean/vampireReplay_VampireReplay_Reconstruct_Stated.so",
       "048a6e4b1485c669"],
      ["/home/daniel/Documents/Programming/vampire-redux/lean/replay/.lake/build/lib/lean/vampireReplay_VampireReplay_Reconstruct_Choice.so",
       "fe68d110623f4e60"],
      ["/home/daniel/Documents/Programming/vampire-redux/lean/replay/.lake/build/lib/lean/vampireReplay_VampireReplay_Reconstruct_Junction.so",
       "2a6789474893531d"],
      ["/home/daniel/Documents/Programming/vampire-redux/lean/replay/.lake/build/lib/lean/vampireReplay_VampireReplay_Reconstruct_Literal.so",
       "96bc2c67e074a610"],
      ["/home/daniel/Documents/Programming/vampire-redux/lean/replay/.lake/build/lib/lean/vampireReplay_VampireReplay_Reconstruct_Equiv.so",
       "b55f04d9ca61600b"],
      ["/home/daniel/Documents/Programming/vampire-redux/lean/replay/.lake/build/lib/lean/vampireReplay_VampireReplay_Reconstruct_Carry.so",
       "e8ce057d2c01a8c1"],
      ["/home/daniel/Documents/Programming/vampire-redux/lean/replay/.lake/build/lib/lean/vampireReplay_VampireReplay_Reconstruct_Step.so",
       "7b24f71d195cc9cd"],
      ["/home/daniel/Documents/Programming/vampire-redux/lean/replay/.lake/build/lib/lean/vampireReplay_VampireReplay_Reconstruct_Basic.so",
       "099d5e7e7ac0d04d"]]],
    ["package external libraries", "00000000000006bb"],
    ["module dynlibs", "00000000000006bb"],
    ["module plugins", "00000000000006bb"]]],
  ["Lean 4.33.0, commit d8b18978322de05a8f3dba51ef03cf5461676c17",
   "3eca9d16ab6c877d"],
  ["/home/daniel/Documents/Programming/vampire-redux/lean/replay/VampireReplay/Reconstruct/Rules/Avatar.lean",
   "bac58772924360cd"],
  ["options", "00000000000006bb"],
  ["isModule: false", "feefd2a0d3a1847e"],
  ["Module.name: VampireReplay.Reconstruct.Rules.Avatar", "dbc752f8727e1459"],
  ["Package.id?: (some vampireReplay)", "4dd2c2eaba617c53"],
  ["Module.leanArgs: #[]", "00000000000006bb"]],
 "depHash": "475ee370fc33384c"}