{"synthetic": false,
 "schemaVersion": "2025-09-10",
 "outputs":
 {"o": ["9d31fdd662c74a7d.olean"],
  "m": false,
  "i": "e588d1fa0d3166bb.ilean",
  "c": "af1b03035e7529d1.c"},
 "log":
 [{"message":
   ".> LEAN_PATH=/home/daniel/Documents/Programming/vampire-redux/lean/.lake/packages/Cli/.lake/build/lib/lean:/home/daniel/Documents/Programming/vampire-redux/lean/.lake/packages/batteries/.lake/build/lib/lean:/home/daniel/Documents/Programming/vampire-redux/lean/.lake/packages/Qq/.lake/build/lib/lean:/home/daniel/Documents/Programming/vampire-redux/lean/.lake/packages/aesop/.lake/build/lib/lean:/home/daniel/Documents/Programming/vampire-redux/lean/.lake/packages/proofwidgets/.lake/build/lib/lean:/home/daniel/Documents/Programming/vampire-redux/lean/.lake/packages/importGraph/.lake/build/lib/lean:/home/daniel/Documents/Programming/vampire-redux/lean/.lake/packages/LeanSearchClient/.lake/build/lib/lean:/home/daniel/Documents/Programming/vampire-redux/lean/.lake/packages/plausible/.lake/build/lib/lean:/home/daniel/Documents/Programming/vampire-redux/lean/.lake/packages/mathlib/.lake/build/lib/lean:/home/daniel/Documents/Programming/vampire-redux/lean/.lake/packages/auto/.lake/build/lib/lean:/home/daniel/Documents/Programming/vampire-redux/lean/replay/.lake/build/lib/lean:/home/daniel/Documents/Programming/vampire-redux/lean/.lake/build/lib/lean /home/daniel/.elan/toolchains/leanprover--lean4---v4.33.0/bin/lean /home/daniel/Documents/Programming/vampire-redux/lean/replay/VampireReplay/Translate.lean -o /home/daniel/Documents/Programming/vampire-redux/lean/replay/.lake/build/lib/lean/VampireReplay/Translate.olean -i /home/daniel/Documents/Programming/vampire-redux/lean/replay/.lake/build/lib/lean/VampireReplay/Translate.ilean -c /home/daniel/Documents/Programming/vampire-redux/lean/replay/.lake/build/ir/VampireReplay/Translate.c --setup /home/daniel/Documents/Programming/vampire-redux/lean/replay/.lake/build/ir/VampireReplay/Translate.setup.json --json",
   "level": "trace"}],
 "inputs":
 [["deps",
   [["vampireReplay/VampireReplay:extraDep",
     [["@vampireReplay:extraDep", "00000000000006bb"]]],
    ["imports", "00000000000006bb"]]],
  ["libs",
   [["import dynlibs", "00000000000006bb"],
    ["package external libraries", "00000000000006bb"],
    ["module dynlibs", "00000000000006bb"],
    ["module plugins", "00000000000006bb"]]],
  ["Lean 4.33.0, commit d8b18978322de05a8f3dba51ef03cf5461676c17",
   "3eca9d16ab6c877d"],
  ["/home/daniel/Documents/Programming/vampire-redux/lean/replay/VampireReplay/Translate.lean",
   "aa9df8ccefedb2ad"],
  ["options", "00000000000006bb"],
  ["isModule: false", "feefd2a0d3a1847e"],
  ["Module.name: VampireReplay.Translate", "96b05b9325e86fb6"],
  ["Package.id?: (some vampireReplay)", "4dd2c2eaba617c53"],
  ["Module.leanArgs: #[]", "00000000000006bb"]],
 "depHash": "346dace2d7cc59c9"}