{"synthetic": false,
 "schemaVersion": "2025-09-10",
 "outputs":
 {"o": ["0ce70a74e1a890f7.olean"],
  "m": false,
  "i": "da628cc07987a4b1.ilean",
  "c": "493885a3cc3f85b2.c"},
 "log":
 [{"message":
   ".> LEAN_PATH=/home/daniel/Documents/Programming/vampire-redux/lean/.lake/packages/Cli/.lake/build/lib/lean:/home/daniel/Documents/Programming/vampire-redux/lean/.lake/packages/batteries/.lake/build/lib/lean:/home/daniel/Documents/Programming/vampire-redux/lean/.lake/packages/Qq/.lake/build/lib/lean:/home/daniel/Documents/Programming/vampire-redux/lean/.lake/packages/aesop/.lake/build/lib/lean:/home/daniel/Documents/Programming/vampire-redux/lean/.lake/packages/proofwidgets/.lake/build/lib/lean:/home/daniel/Documents/Programming/vampire-redux/lean/.lake/packages/importGraph/.lake/build/lib/lean:/home/daniel/Documents/Programming/vampire-redux/lean/.lake/packages/LeanSearchClient/.lake/build/lib/lean:/home/daniel/Documents/Programming/vampire-redux/lean/.lake/packages/plausible/.lake/build/lib/lean:/home/daniel/Documents/Programming/vampire-redux/lean/.lake/packages/mathlib/.lake/build/lib/lean:/home/daniel/Documents/Programming/vampire-redux/lean/.lake/packages/auto/.lake/build/lib/lean:/home/daniel/Documents/Programming/vampire-redux/lean/replay/.lake/build/lib/lean:/home/daniel/Documents/Programming/vampire-redux/lean/.lake/build/lib/lean /home/daniel/.elan/toolchains/leanprover--lean4---v4.33.0/bin/lean /home/daniel/Documents/Programming/vampire-redux/lean/replay/VampireReplay/Reconstruct/Carry.lean -o /home/daniel/Documents/Programming/vampire-redux/lean/replay/.lake/build/lib/lean/VampireReplay/Reconstruct/Carry.olean -i /home/daniel/Documents/Programming/vampire-redux/lean/replay/.lake/build/lib/lean/VampireReplay/Reconstruct/Carry.ilean -c /home/daniel/Documents/Programming/vampire-redux/lean/replay/.lake/build/ir/VampireReplay/Reconstruct/Carry.c --setup /home/daniel/Documents/Programming/vampire-redux/lean/replay/.lake/build/ir/VampireReplay/Reconstruct/Carry.setup.json --json",
   "level": "trace"}],
 "inputs":
 [["deps",
   [["vampireReplay/VampireReplay:extraDep",
     [["@vampireReplay:extraDep", "00000000000006bb"]]],
    ["imports",
     [["VampireReplay.Reconstruct.Literal transitive imports (legacy)",
       "e37c008a6826f3f5"],
      ["VampireReplay.Reconstruct.Literal:importAllArts",
       "74bf4b6a1f84284b"]]]]],
  ["libs",
   [["import dynlibs",
     [["/home/daniel/Documents/Programming/vampire-redux/lean/replay/.lake/build/lib/lean/vampireReplay_VampireReplay_Translate.so",
       "6ce0e148f94179b4"],
      ["/home/daniel/Documents/Programming/vampire-redux/lean/replay/.lake/build/lib/lean/vampireReplay_VampireReplay_InferenceRule.so",
       "bc1bac596bd73a67"],
      ["/home/daniel/Documents/Programming/vampire-redux/lean/replay/.lake/build/lib/lean/vampireReplay_VampireReplay_Wire.so",
       "f825f08665614adf"],
      ["/home/daniel/Documents/Programming/vampire-redux/lean/replay/.lake/build/lib/lean/vampireReplay_VampireReplay_Reconstruct_Monad.so",
       "9c30a72afa63f929"],
      ["/home/daniel/Documents/Programming/vampire-redux/lean/replay/.lake/build/lib/lean/vampireReplay_VampireReplay_Reconstruct_Stated.so",
       "048a6e4b1485c669"],
      ["/home/daniel/Documents/Programming/vampire-redux/lean/replay/.lake/build/lib/lean/vampireReplay_VampireReplay_Reconstruct_Choice.so",
       "fe68d110623f4e60"],
      ["/home/daniel/Documents/Programming/vampire-redux/lean/replay/.lake/build/lib/lean/vampireReplay_VampireReplay_Reconstruct_Junction.so",
       "2a6789474893531d"],
      ["/home/daniel/Documents/Programming/vampire-redux/lean/replay/.lake/build/lib/lean/vampireReplay_VampireReplay_Reconstruct_Literal.so",
       "96bc2c67e074a610"]]],
    ["package external libraries", "00000000000006bb"],
    ["module dynlibs", "00000000000006bb"],
    ["module plugins", "00000000000006bb"]]],
  ["Lean 4.33.0, commit d8b18978322de05a8f3dba51ef03cf5461676c17",
   "3eca9d16ab6c877d"],
  ["/home/daniel/Documents/Programming/vampire-redux/lean/replay/VampireReplay/Reconstruct/Carry.lean",
   "53cb7e0b0ca097d2"],
  ["options", "00000000000006bb"],
  ["isModule: false", "feefd2a0d3a1847e"],
  ["Module.name: VampireReplay.Reconstruct.Carry", "59315eec63f48a3b"],
  ["Package.id?: (some vampireReplay)", "4dd2c2eaba617c53"],
  ["Module.leanArgs: #[]", "00000000000006bb"]],
 "depHash": "85c37ee0413a6373"}