{"synthetic": false,
 "schemaVersion": "2025-09-10",
 "outputs":
 {"o": ["f46e387e2d4f63bd.olean"],
  "m": false,
  "i": "b4d68d1e174360e8.ilean",
  "c": "537b296b14768c4d.c"},
 "log":
 [{"message":
   ".> LEAN_PATH=/home/daniel/Documents/Programming/vampire-redux/lean/.lake/packages/Cli/.lake/build/lib/lean:/home/daniel/Documents/Programming/vampire-redux/lean/.lake/packages/batteries/.lake/build/lib/lean:/home/daniel/Documents/Programming/vampire-redux/lean/.lake/packages/Qq/.lake/build/lib/lean:/home/daniel/Documents/Programming/vampire-redux/lean/.lake/packages/aesop/.lake/build/lib/lean:/home/daniel/Documents/Programming/vampire-redux/lean/.lake/packages/proofwidgets/.lake/build/lib/lean:/home/daniel/Documents/Programming/vampire-redux/lean/.lake/packages/importGraph/.lake/build/lib/lean:/home/daniel/Documents/Programming/vampire-redux/lean/.lake/packages/LeanSearchClient/.lake/build/lib/lean:/home/daniel/Documents/Programming/vampire-redux/lean/.lake/packages/plausible/.lake/build/lib/lean:/home/daniel/Documents/Programming/vampire-redux/lean/.lake/packages/mathlib/.lake/build/lib/lean:/home/daniel/Documents/Programming/vampire-redux/lean/.lake/packages/auto/.lake/build/lib/lean:/home/daniel/Documents/Programming/vampire-redux/lean/replay/.lake/build/lib/lean:/home/daniel/Documents/Programming/vampire-redux/lean/.lake/build/lib/lean /home/daniel/.elan/toolchains/leanprover--lean4---v4.33.0/bin/lean /home/daniel/Documents/Programming/vampire-redux/lean/replay/VampireReplay/Reconstruct/Monad.lean -o /home/daniel/Documents/Programming/vampire-redux/lean/replay/.lake/build/lib/lean/VampireReplay/Reconstruct/Monad.olean -i /home/daniel/Documents/Programming/vampire-redux/lean/replay/.lake/build/lib/lean/VampireReplay/Reconstruct/Monad.ilean -c /home/daniel/Documents/Programming/vampire-redux/lean/replay/.lake/build/ir/VampireReplay/Reconstruct/Monad.c --setup /home/daniel/Documents/Programming/vampire-redux/lean/replay/.lake/build/ir/VampireReplay/Reconstruct/Monad.setup.json --json",
   "level": "trace"}],
 "inputs":
 [["deps",
   [["vampireReplay/VampireReplay:extraDep",
     [["@vampireReplay:extraDep", "00000000000006bb"]]],
    ["imports",
     [["VampireReplay.Translate transitive imports (legacy)",
       "00000000000006bb"],
      ["VampireReplay.Translate:importAllArts", "c5b76235cfd48490"],
      ["VampireReplay.Wire transitive imports (legacy)", "27ea4927cda43cb4"],
      ["VampireReplay.Wire:importAllArts", "56567558faabfa05"]]]]],
  ["libs",
   [["import dynlibs",
     [["/home/daniel/Documents/Programming/vampire-redux/lean/replay/.lake/build/lib/lean/vampireReplay_VampireReplay_Translate.so",
       "6ce0e148f94179b4"],
      ["/home/daniel/Documents/Programming/vampire-redux/lean/replay/.lake/build/lib/lean/vampireReplay_VampireReplay_InferenceRule.so",
       "bc1bac596bd73a67"],
      ["/home/daniel/Documents/Programming/vampire-redux/lean/replay/.lake/build/lib/lean/vampireReplay_VampireReplay_Wire.so",
       "f825f08665614adf"]]],
    ["package external libraries", "00000000000006bb"],
    ["module dynlibs", "00000000000006bb"],
    ["module plugins", "00000000000006bb"]]],
  ["Lean 4.33.0, commit d8b18978322de05a8f3dba51ef03cf5461676c17",
   "3eca9d16ab6c877d"],
  ["/home/daniel/Documents/Programming/vampire-redux/lean/replay/VampireReplay/Reconstruct/Monad.lean",
   "313dbc41d6344189"],
  ["options", "00000000000006bb"],
  ["isModule: false", "feefd2a0d3a1847e"],
  ["Module.name: VampireReplay.Reconstruct.Monad", "acd9b828a6781cbc"],
  ["Package.id?: (some vampireReplay)", "4dd2c2eaba617c53"],
  ["Module.leanArgs: #[]", "00000000000006bb"]],
 "depHash": "f44e202523f48d6b"}