{"synthetic": false,
 "schemaVersion": "2025-09-10",
 "outputs":
 {"o": ["a31c2ec8e1ef4bcf.olean"],
  "m": false,
  "i": "9924c1fbe2be609d.ilean",
  "c": "7527419e1465841e.c"},
 "log":
 [{"message":
   ".> LEAN_PATH=/home/daniel/Documents/Programming/vampire-redux/lean/.lake/packages/Cli/.lake/build/lib/lean:/home/daniel/Documents/Programming/vampire-redux/lean/.lake/packages/batteries/.lake/build/lib/lean:/home/daniel/Documents/Programming/vampire-redux/lean/.lake/packages/Qq/.lake/build/lib/lean:/home/daniel/Documents/Programming/vampire-redux/lean/.lake/packages/aesop/.lake/build/lib/lean:/home/daniel/Documents/Programming/vampire-redux/lean/.lake/packages/proofwidgets/.lake/build/lib/lean:/home/daniel/Documents/Programming/vampire-redux/lean/.lake/packages/importGraph/.lake/build/lib/lean:/home/daniel/Documents/Programming/vampire-redux/lean/.lake/packages/LeanSearchClient/.lake/build/lib/lean:/home/daniel/Documents/Programming/vampire-redux/lean/.lake/packages/plausible/.lake/build/lib/lean:/home/daniel/Documents/Programming/vampire-redux/lean/.lake/packages/mathlib/.lake/build/lib/lean:/home/daniel/Documents/Programming/vampire-redux/lean/.lake/packages/auto/.lake/build/lib/lean:/home/daniel/Documents/Programming/vampire-redux/lean/replay/.lake/build/lib/lean:/home/daniel/Documents/Programming/vampire-redux/lean/.lake/build/lib/lean /home/daniel/.elan/toolchains/leanprover--lean4---v4.33.0/bin/lean /home/daniel/Documents/Programming/vampire-redux/lean/replay/VampireReplay/Reconstruct/Rules.lean -o /home/daniel/Documents/Programming/vampire-redux/lean/replay/.lake/build/lib/lean/VampireReplay/Reconstruct/Rules.olean -i /home/daniel/Documents/Programming/vampire-redux/lean/replay/.lake/build/lib/lean/VampireReplay/Reconstruct/Rules.ilean -c /home/daniel/Documents/Programming/vampire-redux/lean/replay/.lake/build/ir/VampireReplay/Reconstruct/Rules.c --setup /home/daniel/Documents/Programming/vampire-redux/lean/replay/.lake/build/ir/VampireReplay/Reconstruct/Rules.setup.json --json",
   "level": "trace"}],
 "inputs":
 [["deps",
   [["vampireReplay/VampireReplay:extraDep",
     [["@vampireReplay:extraDep", "00000000000006bb"]]],
    ["imports",
     [["VampireReplay.InferenceRule transitive imports (legacy)",
       "00000000000006bb"],
      ["VampireReplay.InferenceRule:importAllArts", "2ca861bc6b4c7c98"],
      ["VampireReplay.Reconstruct.Basic transitive imports (legacy)",
       "80a21b18e2072acd"],
      ["VampireReplay.Reconstruct.Basic:importAllArts", "0d0436c29ee78f76"],
      ["VampireReplay.Reconstruct.Rules.Arithmetic transitive imports (legacy)",
       "c9f1a7b150825e53"],
      ["VampireReplay.Reconstruct.Rules.Arithmetic:importAllArts",
       "4c160213169eaffc"],
      ["VampireReplay.Reconstruct.Rules.Avatar transitive imports (legacy)",
       "c9f1a7b150825e53"],
      ["VampireReplay.Reconstruct.Rules.Avatar:importAllArts",
       "331656377c1b963e"],
      ["VampireReplay.Reconstruct.Rules.Clause transitive imports (legacy)",
       "c9f1a7b150825e53"],
      ["VampireReplay.Reconstruct.Rules.Clause:importAllArts",
       "258e9df2433fb581"],
      ["VampireReplay.Reconstruct.Rules.Closure transitive imports (legacy)",
       "c9f1a7b150825e53"],
      ["VampireReplay.Reconstruct.Rules.Closure:importAllArts",
       "d6fb019624df4b54"],
      ["VampireReplay.Reconstruct.Rules.Congruence transitive imports (legacy)",
       "c9f1a7b150825e53"],
      ["VampireReplay.Reconstruct.Rules.Congruence:importAllArts",
       "97aff6cfeff8ab4f"],
      ["VampireReplay.Reconstruct.Rules.Clausify transitive imports (legacy)",
       "c9f1a7b150825e53"],
      ["VampireReplay.Reconstruct.Rules.Clausify:importAllArts",
       "c266c263158d65a6"],
      ["VampireReplay.Reconstruct.Rules.Definition transitive imports (legacy)",
       "1a8f35ddbec23429"],
      ["VampireReplay.Reconstruct.Rules.Definition:importAllArts",
       "52ef8b7aaefc6eb5"],
      ["VampireReplay.Reconstruct.Rules.Input transitive imports (legacy)",
       "c9f1a7b150825e53"],
      ["VampireReplay.Reconstruct.Rules.Input:importAllArts",
       "978e12baf6f947c5"],
      ["VampireReplay.Reconstruct.Rules.Normalize transitive imports (legacy)",
       "c9f1a7b150825e53"],
      ["VampireReplay.Reconstruct.Rules.Normalize:importAllArts",
       "daa86bda60e646e2"],
      ["VampireReplay.Reconstruct.Rules.Resolution transitive imports (legacy)",
       "c9f1a7b150825e53"],
      ["VampireReplay.Reconstruct.Rules.Resolution:importAllArts",
       "e0a6272d70bcb4ab"],
      ["VampireReplay.Reconstruct.Rules.Rewrite transitive imports (legacy)",
       "c9f1a7b150825e53"],
      ["VampireReplay.Reconstruct.Rules.Rewrite:importAllArts",
       "7a2dec26746dbcff"],
      ["VampireReplay.Reconstruct.Rules.Simplify transitive imports (legacy)",
       "c9f1a7b150825e53"],
      ["VampireReplay.Reconstruct.Rules.Simplify:importAllArts",
       "1058385b316089e8"],
      ["VampireReplay.Reconstruct.Rules.Skolem transitive imports (legacy)",
       "c9f1a7b150825e53"],
      ["VampireReplay.Reconstruct.Rules.Skolem:importAllArts",
       "514c868ac17d539d"],
      ["VampireReplay.Reconstruct.Rules.Splitting transitive imports (legacy)",
       "c9f1a7b150825e53"],
      ["VampireReplay.Reconstruct.Rules.Splitting:importAllArts",
       "b833f8701ed82c7a"],
      ["VampireReplay.Reconstruct.Rules.Subsumption transitive imports (legacy)",
       "c9f1a7b150825e53"],
      ["VampireReplay.Reconstruct.Rules.Subsumption:importAllArts",
       "15c3ded3c5bb7f40"]]]]],
  ["libs",
   [["import dynlibs",
     [["/home/daniel/Documents/Programming/vampire-redux/lean/replay/.lake/build/lib/lean/vampireReplay_VampireReplay_InferenceRule.so",
       "bc1bac596bd73a67"],
      ["/home/daniel/Documents/Programming/vampire-redux/lean/replay/.lake/build/lib/lean/vampireReplay_VampireReplay_Translate.so",
       "6ce0e148f94179b4"],
      ["/home/daniel/Documents/Programming/vampire-redux/lean/replay/.lake/build/lib/lean/vampireReplay_VampireReplay_Wire.so",
       "f825f08665614adf"],
      ["/home/daniel/Documents/Programming/vampire-redux/lean/replay/.lake/build/lib/lean/vampireReplay_VampireReplay_Reconstruct_Monad.so",
       "9c30a72afa63f929"],
      ["/home/daniel/Documents/Programming/vampire-redux/lean/replay/.lake/build/lib/lean/vampireReplay_VampireReplay_Reconstruct_Stated.so",
       "048a6e4b1485c669"],
      ["/home/daniel/Documents/Programming/vampire-redux/lean/replay/.lake/build/lib/lean/vampireReplay_VampireReplay_Reconstruct_Choice.so",
       "fe68d110623f4e60"],
      ["/home/daniel/Documents/Programming/vampire-redux/lean/replay/.lake/build/lib/lean/vampireReplay_VampireReplay_Reconstruct_Junction.so",
       "2a6789474893531d"],
      ["/home/daniel/Documents/Programming/vampire-redux/lean/replay/.lake/build/lib/lean/vampireReplay_VampireReplay_Reconstruct_Literal.so",
       "96bc2c67e074a610"],
      ["/home/daniel/Documents/Programming/vampire-redux/lean/replay/.lake/build/lib/lean/vampireReplay_VampireReplay_Reconstruct_Equiv.so",
       "b55f04d9ca61600b"],
      ["/home/daniel/Documents/Programming/vampire-redux/lean/replay/.lake/build/lib/lean/vampireReplay_VampireReplay_Reconstruct_Carry.so",
       "e8ce057d2c01a8c1"],
      ["/home/daniel/Documents/Programming/vampire-redux/lean/replay/.lake/build/lib/lean/vampireReplay_VampireReplay_Reconstruct_Step.so",
       "7b24f71d195cc9cd"],
      ["/home/daniel/Documents/Programming/vampire-redux/lean/replay/.lake/build/lib/lean/vampireReplay_VampireReplay_Reconstruct_Basic.so",
       "099d5e7e7ac0d04d"],
      ["/home/daniel/Documents/Programming/vampire-redux/lean/replay/.lake/build/lib/lean/vampireReplay_VampireReplay_Reconstruct_Rules_Arithmetic.so",
       "1a6ffda9ec9a63a1"],
      ["/home/daniel/Documents/Programming/vampire-redux/lean/replay/.lake/build/lib/lean/vampireReplay_VampireReplay_Reconstruct_Rules_Avatar.so",
       "0c37e36d39619dac"],
      ["/home/daniel/Documents/Programming/vampire-redux/lean/replay/.lake/build/lib/lean/vampireReplay_VampireReplay_Reconstruct_Rules_Clause.so",
       "f176e12c5e21e41e"],
      ["/home/daniel/Documents/Programming/vampire-redux/lean/replay/.lake/build/lib/lean/vampireReplay_VampireReplay_Reconstruct_Rules_Closure.so",
       "4fa8d171d01bda16"],
      ["/home/daniel/Documents/Programming/vampire-redux/lean/replay/.lake/build/lib/lean/vampireReplay_VampireReplay_Reconstruct_Rules_Congruence.so",
       "f4a9acdefe57e073"],
      ["/home/daniel/Documents/Programming/vampire-redux/lean/replay/.lake/build/lib/lean/vampireReplay_VampireReplay_Reconstruct_Rules_Clausify.so",
       "cb9edf6a91f9d260"],
      ["/home/daniel/Documents/Programming/vampire-redux/lean/replay/.lake/build/lib/lean/vampireReplay_VampireReplay_Reconstruct_Rules_Definition.so",
       "edff18161d1af365"],
      ["/home/daniel/Documents/Programming/vampire-redux/lean/replay/.lake/build/lib/lean/vampireReplay_VampireReplay_Reconstruct_Rules_Input.so",
       "a14b7fbae148d30d"],
      ["/home/daniel/Documents/Programming/vampire-redux/lean/replay/.lake/build/lib/lean/vampireReplay_VampireReplay_Reconstruct_Rules_Normalize.so",
       "4889cfb329a30883"],
      ["/home/daniel/Documents/Programming/vampire-redux/lean/replay/.lake/build/lib/lean/vampireReplay_VampireReplay_Reconstruct_Rules_Resolution.so",
       "19b62535df52aebf"],
      ["/home/daniel/Documents/Programming/vampire-redux/lean/replay/.lake/build/lib/lean/vampireReplay_VampireReplay_Reconstruct_Rules_Rewrite.so",
       "f2d61ab36f52b28a"],
      ["/home/daniel/Documents/Programming/vampire-redux/lean/replay/.lake/build/lib/lean/vampireReplay_VampireReplay_Reconstruct_Rules_Simplify.so",
       "55e2aeb361568d12"],
      ["/home/daniel/Documents/Programming/vampire-redux/lean/replay/.lake/build/lib/lean/vampireReplay_VampireReplay_Reconstruct_Rules_Skolem.so",
       "7b8cbd5a0219e63b"],
      ["/home/daniel/Documents/Programming/vampire-redux/lean/replay/.lake/build/lib/lean/vampireReplay_VampireReplay_Reconstruct_Rules_Splitting.so",
       "79cf15365c0a5179"],
      ["/home/daniel/Documents/Programming/vampire-redux/lean/replay/.lake/build/lib/lean/vampireReplay_VampireReplay_Reconstruct_Rules_Subsumption.so",
       "5f547f9a9a09758d"]]],
    ["package external libraries", "00000000000006bb"],
    ["module dynlibs", "00000000000006bb"],
    ["module plugins", "00000000000006bb"]]],
  ["Lean 4.33.0, commit d8b18978322de05a8f3dba51ef03cf5461676c17",
   "3eca9d16ab6c877d"],
  ["/home/daniel/Documents/Programming/vampire-redux/lean/replay/VampireReplay/Reconstruct/Rules.lean",
   "7764fe3965a9c593"],
  ["options", "00000000000006bb"],
  ["isModule: false", "feefd2a0d3a1847e"],
  ["Module.name: VampireReplay.Reconstruct.Rules", "8a10cae156e1b3e1"],
  ["Package.id?: (some vampireReplay)", "4dd2c2eaba617c53"],
  ["Module.leanArgs: #[]", "00000000000006bb"]],
 "depHash": "7ff487c106785292"}