{"synthetic": false,
 "schemaVersion": "2025-09-10",
 "outputs": "9c30a72afa63f929.so",
 "log":
 [{"message":
   ".> /home/daniel/.elan/toolchains/leanprover--lean4---v4.33.0/bin/clang -shared -o /home/daniel/Documents/Programming/vampire-redux/lean/replay/.lake/build/lib/lean/vampireReplay_VampireReplay_Reconstruct_Monad.so @/home/daniel/Documents/Programming/vampire-redux/lean/replay/.lake/build/lib/lean/vampireReplay_VampireReplay_Reconstruct_Monad.so.rsp",
   "level": "trace"}],
 "inputs":
 [["linkObjs",
   [["/home/daniel/Documents/Programming/vampire-redux/lean/replay/.lake/build/ir/VampireReplay/Reconstruct/Monad.c.o.export",
     "481eafa3debf7e24"]]],
  ["linkLibs",
   [["/home/daniel/Documents/Programming/vampire-redux/lean/replay/.lake/build/lib/lean/vampireReplay_VampireReplay_Translate.so",
     "6ce0e148f94179b4"],
    ["/home/daniel/Documents/Programming/vampire-redux/lean/replay/.lake/build/lib/lean/vampireReplay_VampireReplay_Wire.so",
     "f825f08665614adf"]]],
  ["traceArgs: #[]", "00000000000006bb"],
  ["Lean 4.33.0, commit d8b18978322de05a8f3dba51ef03cf5461676c17",
   "3eca9d16ab6c877d"],
  ["x86_64-unknown-linux-gnu", "53a0e8937c307c28"]],
 "depHash": "5313f28062f734be"}