{"synthetic": false,
 "schemaVersion": "2025-09-10",
 "outputs": "099d5e7e7ac0d04d.so",
 "log":
 [{"message":
   ".> /home/daniel/.elan/toolchains/leanprover--lean4---v4.33.0/bin/clang -shared -o /home/daniel/Documents/Programming/vampire-redux/lean/replay/.lake/build/lib/lean/vampireReplay_VampireReplay_Reconstruct_Basic.so @/home/daniel/Documents/Programming/vampire-redux/lean/replay/.lake/build/lib/lean/vampireReplay_VampireReplay_Reconstruct_Basic.so.rsp",
   "level": "trace"}],
 "inputs":
 [["linkObjs",
   [["/home/daniel/Documents/Programming/vampire-redux/lean/replay/.lake/build/ir/VampireReplay/Reconstruct/Basic.c.o.export",
     "62c84a5dd5ad9a01"]]],
  ["linkLibs",
   [["/home/daniel/Documents/Programming/vampire-redux/lean/replay/.lake/build/lib/lean/vampireReplay_VampireReplay_Reconstruct_Monad.so",
     "9c30a72afa63f929"],
    ["/home/daniel/Documents/Programming/vampire-redux/lean/replay/.lake/build/lib/lean/vampireReplay_VampireReplay_Reconstruct_Stated.so",
     "048a6e4b1485c669"],
    ["/home/daniel/Documents/Programming/vampire-redux/lean/replay/.lake/build/lib/lean/vampireReplay_VampireReplay_Reconstruct_Choice.so",
     "fe68d110623f4e60"],
    ["/home/daniel/Documents/Programming/vampire-redux/lean/replay/.lake/build/lib/lean/vampireReplay_VampireReplay_Reconstruct_Junction.so",
     "2a6789474893531d"],
    ["/home/daniel/Documents/Programming/vampire-redux/lean/replay/.lake/build/lib/lean/vampireReplay_VampireReplay_Reconstruct_Literal.so",
     "96bc2c67e074a610"],
    ["/home/daniel/Documents/Programming/vampire-redux/lean/replay/.lake/build/lib/lean/vampireReplay_VampireReplay_Reconstruct_Equiv.so",
     "b55f04d9ca61600b"],
    ["/home/daniel/Documents/Programming/vampire-redux/lean/replay/.lake/build/lib/lean/vampireReplay_VampireReplay_Reconstruct_Carry.so",
     "e8ce057d2c01a8c1"],
    ["/home/daniel/Documents/Programming/vampire-redux/lean/replay/.lake/build/lib/lean/vampireReplay_VampireReplay_Reconstruct_Step.so",
     "7b24f71d195cc9cd"]]],
  ["traceArgs: #[]", "00000000000006bb"],
  ["Lean 4.33.0, commit d8b18978322de05a8f3dba51ef03cf5461676c17",
   "3eca9d16ab6c877d"],
  ["x86_64-unknown-linux-gnu", "53a0e8937c307c28"]],
 "depHash": "ce1177168c7166db"}