{"synthetic": false,
 "schemaVersion": "2025-09-10",
 "outputs": "edff18161d1af365.so",
 "log":
 [{"message":
   ".> /home/daniel/.elan/toolchains/leanprover--lean4---v4.33.0/bin/clang -shared -o /home/daniel/Documents/Programming/vampire-redux/lean/replay/.lake/build/lib/lean/vampireReplay_VampireReplay_Reconstruct_Rules_Definition.so @/home/daniel/Documents/Programming/vampire-redux/lean/replay/.lake/build/lib/lean/vampireReplay_VampireReplay_Reconstruct_Rules_Definition.so.rsp",
   "level": "trace"}],
 "inputs":
 [["linkObjs",
   [["/home/daniel/Documents/Programming/vampire-redux/lean/replay/.lake/build/ir/VampireReplay/Reconstruct/Rules/Definition.c.o.export",
     "ca2b387d2504bacb"]]],
  ["linkLibs",
   [["/home/daniel/Documents/Programming/vampire-redux/lean/replay/.lake/build/lib/lean/vampireReplay_VampireReplay_Reconstruct_Basic.so",
     "099d5e7e7ac0d04d"],
    ["/home/daniel/Documents/Programming/vampire-redux/lean/replay/.lake/build/lib/lean/vampireReplay_VampireReplay_Reconstruct_Rules_Clause.so",
     "f176e12c5e21e41e"]]],
  ["traceArgs: #[]", "00000000000006bb"],
  ["Lean 4.33.0, commit d8b18978322de05a8f3dba51ef03cf5461676c17",
   "3eca9d16ab6c877d"],
  ["x86_64-unknown-linux-gnu", "53a0e8937c307c28"]],
 "depHash": "f74e11cbfe2fd71e"}